[backblue.gif]
[fade.gif]
[index.html]
[ajax.googleapis.com/ajax/libs/jquery/1.8.1/jquery.min.js]
[template.walkingpixels.com/chromatron/js/libs/jquery.js]
[template.walkingpixels.com/chromatron/js/libs/modernizr.js]
[template.walkingpixels.com/chromatron/js/libs/selectivizr.js]
[template.walkingpixels.com/chromatron/js/navigation.js]
[template.walkingpixels.com/chromatron/js/bootstrap/bootstrap.min.js]
[template.walkingpixels.com/chromatron/js/plugins/flot/jquery.flot.js]
[template.walkingpixels.com/chromatron/js/plugins/fullCalendar/jquery.fullcalendar.min.js]
[template.walkingpixels.com/chromatron/js/plugins/jGrowl/jquery.jgrowl.js]
[template.walkingpixels.com/chromatron/index.html]
[template.walkingpixels.com/chromatron/css/plugins/jquery.fullcalendar.css]
[template.walkingpixels.com/chromatron/css/plugins/jquery.jgrowl.css]
[template.walkingpixels.com/chromatron/img/icons/glyphicons-halflings.png]
[template.walkingpixels.com/chromatron/img/icons/glyphicons-halflings-white.png]
[template.walkingpixels.com/chromatron/img/icons/famfamfam-icons.png]
[template.walkingpixels.com/chromatron/img/icons/emoticons-icons.png]
[template.walkingpixels.com/chromatron/img/assets/bg_navigation.png]
[template.walkingpixels.com/chromatron/img/assets/bg_navigation_fixed_940.png]
[template.walkingpixels.com/chromatron/img/assets/bg_quote.png]
[template.walkingpixels.com/chromatron/img/template_logo.png]
[template.walkingpixels.com/chromatron/img/assets/bg_navigation_current.png]
[template.walkingpixels.com/chromatron/img/icons/icon_footer_info.png]
[template.walkingpixels.com/chromatron/img/icons/icon_footer_warning.png]
[template.walkingpixels.com/chromatron/img/assets/caret_tab.png]
[template.walkingpixels.com/chromatron/img/assets/caret_tab_nested.png]
[template.walkingpixels.com/chromatron/img/assets/widget_increase.png]
[template.walkingpixels.com/chromatron/img/assets/widget_decrease.png]
[template.walkingpixels.com/chromatron/img/icons/icon_breadcrumbs.png]
[template.walkingpixels.com/chromatron/img/icons/loading_red.gif]
[template.walkingpixels.com/chromatron/img/icons/loading_dark.gif]
[template.walkingpixels.com/chromatron/img/icons/loading_green.gif]
[template.walkingpixels.com/chromatron/img/icons/loading_blue.gif]
[template.walkingpixels.com/chromatron/img/icons/loading_red_nested.gif]
[template.walkingpixels.com/chromatron/img/icons/loading_dark_nested.gif]
[template.walkingpixels.com/chromatron/img/icons/loading_green_nested.gif]
[template.walkingpixels.com/chromatron/img/icons/loading_blue_nested.gif]
[template.walkingpixels.com/chromatron/img/assets/bg_wizard_red.png]
[template.walkingpixels.com/chromatron/img/assets/bg_wizard_red_nested.png]
[template.walkingpixels.com/chromatron/img/plugins/jWYSIWYG/jquery.wysiwyg.gif]
[template.walkingpixels.com/chromatron/img/plugins/dataTables/sort_both.png]
[template.walkingpixels.com/chromatron/img/plugins/dataTables/sort_asc.png]
[template.walkingpixels.com/chromatron/img/plugins/dataTables/sort_desc.png]
[template.walkingpixels.com/chromatron/img/plugins/dataTables/sort_asc_disabled.png]
[template.walkingpixels.com/chromatron/img/plugins/dataTables/sort_desc_disabled.png]
[template.walkingpixels.com/chromatron/img/plugins/colorpicker/saturation.png]
[template.walkingpixels.com/chromatron/img/plugins/colorpicker/hue.png]
[template.walkingpixels.com/chromatron/img/plugins/colorpicker/alpha.png]
[template.walkingpixels.com/chromatron/img/assets/bg_navigation_fixed_1170.png]
[template.walkingpixels.com/chromatron/css/chromatron-red.css]
[template.walkingpixels.com/chromatron/img/icons/favicon.html]
[template.walkingpixels.com/chromatron/img/icons/apple-touch-icon-114-precomposed.html]
[template.walkingpixels.com/chromatron/img/icons/apple-touch-icon-72-precomposed.html]
[template.walkingpixels.com/chromatron/img/icons/apple-touch-icon-57-precomposed.html]
[template.walkingpixels.com/chromatron/login.html]
[template.walkingpixels.com/chromatron/img/sample_content/sample-image-50x50.png]
[template.walkingpixels.com/chromatron/img/sample_content/sample-image-250x150.png]
[template.walkingpixels.com/chromatron/js/plugins/fileupload/bootstrap-fileupload.js]
[template.walkingpixels.com/chromatron/js/plugins/inputmask/bootstrap-inputmask.js]
[template.walkingpixels.com/chromatron/js/plugins/tagsInput/jquery.tagsinput.min.js]
[template.walkingpixels.com/chromatron/js/plugins/jWYSIWYG/jquery.wysiwyg.js]
[template.walkingpixels.com/chromatron/js/plugins/wysihtml5/wysihtml5-0.3.0.js]
[template.walkingpixels.com/chromatron/js/plugins/wysihtml5/bootstrap-wysihtml5.js]
[template.walkingpixels.com/chromatron/js/plugins/colorpicker/bootstrap-colorpicker.js]
[template.walkingpixels.com/chromatron/js/plugins/datepicker/bootstrap-datepicker.js]
[template.walkingpixels.com/chromatron/forms.html]
[template.walkingpixels.com/chromatron/js/plugins/visualize/jquery.visualize.min.js]
[template.walkingpixels.com/chromatron/js/plugins/visualize/jquery.visualize.tooltip.min.js]
[template.walkingpixels.com/chromatron/js/plugins/flot/jquery.flot.pie.js]
[template.walkingpixels.com/chromatron/charts.html]
[template.walkingpixels.com/chromatron/js/plugins/dataTables/jquery.datatables.min.js]
[template.walkingpixels.com/chromatron/tables.html]
[template.walkingpixels.com/chromatron/img/sample_content/sample-image.png]
[template.walkingpixels.com/chromatron/gallery.html]
[template.walkingpixels.com/chromatron/js/plugins/plUpload/plupload.full.js]
[template.walkingpixels.com/chromatron/js/plugins/plUpload/jquery.plupload.queue/jquery.plupload.queue.js]
[template.walkingpixels.com/chromatron/file-explorer.html]
[template.walkingpixels.com/chromatron/js/plugins/fullCalendar/gcal.js]
[template.walkingpixels.com/chromatron/calendar.html]
[template.walkingpixels.com/chromatron/js/plugins/snippet/jquery.snippet.min.js]
[template.walkingpixels.com/chromatron/ui-buttons.html]
[template.walkingpixels.com/chromatron/typo.html]
[template.walkingpixels.com/chromatron/grid.html]
[template.walkingpixels.com/chromatron/js/plugins/smartWizard/jquery.smartWizard-2.0.js]
[template.walkingpixels.com/chromatron/goodies.html]
[template.walkingpixels.com/chromatron/js/bootstrap/bootstrap-tooltip.js]
[template.walkingpixels.com/chromatron/401.html]
[template.walkingpixels.com/chromatron/403.html]
[template.walkingpixels.com/chromatron/404.html]
[template.walkingpixels.com/chromatron/500.html]
[template.walkingpixels.com/chromatron/503.html]
[template.walkingpixels.com/chromatron/css/font/fontawesome-webfont.svg]
[template.walkingpixels.com/chromatron/img/assets/bg_wizard_blue.png]
[template.walkingpixels.com/chromatron/img/assets/bg_wizard_blue_nested.png]
[template.walkingpixels.com/chromatron/css/chromatron-blue.css]
[template.walkingpixels.com/chromatron/css/plugins/jquery.tagsinput.css]
[template.walkingpixels.com/chromatron/css/plugins/jquery.jwysiwyg.css]
[template.walkingpixels.com/chromatron/css/plugins/bootstrap-wysihtml5.css]
[template.walkingpixels.com/chromatron/img/assets/bg_wizard_dark.png]
[template.walkingpixels.com/chromatron/img/assets/bg_wizard_dark_nested.png]
[template.walkingpixels.com/chromatron/css/chromatron-dark.css]
[template.walkingpixels.com/chromatron/css/plugins/jquery.visualize.css]
[template.walkingpixels.com/chromatron/img/assets/bg_wizard_green.png]
[template.walkingpixels.com/chromatron/img/assets/bg_wizard_green_nested.png]
[template.walkingpixels.com/chromatron/css/chromatron-green.css]
[template.walkingpixels.com/chromatron/css/plugins/jquery.plupload.queue.css]
[template.walkingpixels.com/chromatron/css/plugins/jquery.ui.plupload.css]
[template.walkingpixels.com/chromatron/css/plugins/jquery.snippet.css]
[template.walkingpixels.com/chromatron/pre.html]
[template.walkingpixels.com/chromatron/example_domain.html]
[template.walkingpixels.com/chromatron/css/plugins/jquery.wysiwyg.bg.html]
[template.walkingpixels.com/chromatron/css/plugins/jquery.wysiwyg.html]
[template.walkingpixels.com/chromatron/css/img/buttons.html]
[template.walkingpixels.com/chromatron/css/img/buttons-disabled.html]
[template.walkingpixels.com/chromatron/css/img/transp50.html]
[template.walkingpixels.com/chromatron/css/img/backgrounds.html]
[template.walkingpixels.com/chromatron/css/img/delete.html]
[template.walkingpixels.com/chromatron/css/img/error.html]
[template.walkingpixels.com/chromatron/css/img/done.html]
[template.walkingpixels.com/chromatron/css/img/plupload.html]
[template.walkingpixels.com/chromatron/css/img/plupload-bw.html]
